I'm sorry, but errors were detected in your script. Please correct the
errors listed below, and try again.


File "game/script.rpy", line 18: play requires a file
    play music 
               ^

Ren'Py Version: Ren'Py 8.1.1.23060707
Sat Aug 19 12:31:57 2023
